index.html: OK
dashboard.html: OK
dashboard.html?tab=conditioning: OK
exercise-library.html: OK
program-guide.html: OK
stats.html: OK
quick-tour.html: OK
quick-tour-overview.html: OK
cat-strength.html: OK
cat-pmc.html: OK
cat-mc.html: OK
cat-ks.html: OK
cat-mm.html: OK
cat-hv.html: OK
pmc-workout.html: OK
mm-p1.html: OK
mm-p2.html: OK
mm-p3.html: OK
kitchen-sink.html: OK
kitchen-sink-s3.html: OK
kitchen-sink-s4.html: OK
kitchen-sink-s5.html: OK
kitchen-sink-s6.html: OK
5on-2off.html: OK
mc-home.html: OK
mc-s1-back.html: OK
pmc-split1.html: OK
pmc-back.html: OK
chest-tri-pump.html: OK
battle-ropes.html: OK
workout-logs.html: OK
wrapped.html: OK
max-out.html: OK
build-workout.html: OK
collections.html: OK
cat-gainz.html: OK
cat-stndr.html: OK
run-workout.html: OK

smoke-test-pages.js: all 38 sampled pages rendered with zero console errors
